2026-06-21 12:39:41,766 - INFO - Начало выполнения тестов
2026-06-21 12:39:41,766 - INFO - --- Запуск тестов в браузере: CHROMIUM ---
2026-06-21 12:39:53,370 - INFO - --- Запуск тестов в браузере: FIREFOX ---
2026-06-21 12:40:09,675 - INFO - Все тесты во всех браузерах прошли успешно
2026-06-21 12:40:09,675 - INFO - Все тесты во всех браузерах прошли успешно
